// Jest Snapshot v1, https://goo.gl/fbAQLP

exports[`AccountPlaceholder renders correctly 1`] = `
.c1 {
  padding: 20px;
  position: relative;
  border-radius: 15px;
  color: #1b1b1b;
  background: rgba(255,255,255,0.9);
  box-shadow: 8px 8px 4px -4px rgba(55,65,79,0.4);
}

.c0 {
  width: 310px;
  height: 225px;
  background: rgba(0,0,0,0.1);
  box-shadow: none;
  border: 2px dashed rgba(0,0,0,0.3);
}

@media (min-width:30em) {
  .c0 {
    width: 350px;
  }
}

<div
  class="c0 c1"
/>
`;
