// Jest Snapshot v1, https://goo.gl/fbAQLP

exports[`AccountLayout renders correctly 1`] = `
.c0 {
  padding: 0px 5px;
}

.c1 {
  margin-top: 5px;
  margin-bottom: 30px;
}

.c2 {
  border-bottom: 1px solid #fff;
  padding-bottom: 20px;
  margin-bottom: 20px;
}

.c3 {
  display: -webkit-box;
  display: -webkit-flex;
  display: -ms-flexbox;
  display: flex;
}

.c4 {
  width: 50%;
}

<div
  class="c0"
>
  <div
    class="c1"
  >
    <div />
  </div>
  <div
    class="c2"
  >
    <div />
  </div>
  <div
    class="c3"
  >
    <div
      class="c4"
    >
      <div />
    </div>
    <div
      class="c4"
    >
      <div />
    </div>
  </div>
</div>
`;
